[INFO] Scanning for projects...
[INFO] 
[INFO] --------------< com.vasitum:vasitum-automation-platform >---------------
[INFO] Building Vasitum Automation Platform 1.0-SNAPSHOT
[INFO]   from pom.xml
[INFO] --------------------------------[ jar ]---------------------------------
[INFO] 
[INFO] --- resources:3.3.1:resources (default-resources) @ vasitum-automation-platform ---
[INFO] skip non existing resourceDirectory C:\Users\rasho\.gemini\antigravity\scratch\vasitum-automation-platform\src\main\resources
[INFO] 
[INFO] --- compiler:3.11.0:compile (default-compile) @ vasitum-automation-platform ---
[INFO] Nothing to compile - all classes are up to date
[INFO] ------------------------------------------------------------------------
[INFO] BUILD SUCCESS
[INFO] ------------------------------------------------------------------------
[INFO] Total time:  5.191 s
[INFO] Finished at: 2026-01-23T10:28:13+05:30
[INFO] ------------------------------------------------------------------------
